0 verbose cli C:\Program Files\nodejs\node.exe C:\Program Files\nodejs\node_modules\npm\bin\npm-cli.js
1 info using npm@11.13.0
2 info using node@v26.1.0
3 silly config load:file:C:\Program Files\nodejs\node_modules\npm\npmrc
4 silly config load:file:C:\Users\pavan\Documents\New project\.npmrc
5 silly config load:file:C:\Users\pavan\.npmrc
6 silly config load:file:C:\Users\pavan\Documents\New project\.appdata\npm\etc\npmrc
7 verbose title npm create next-app@15.3.3 . --ts --tailwind --eslint --app --src-dir --import-alias @/* --use-npm --yes
8 verbose argv "create" "next-app@15.3.3" "." "--" "--ts" "--tailwind" "--eslint" "--app" "--src-dir" "--import-alias" "@/*" "--use-npm" "--yes"
9 verbose logfile logs-max:10 dir:C:\Users\pavan\Documents\New project\.npm-cache\_logs\2026-05-10T07_10_53_827Z-
10 verbose logfile C:\Users\pavan\Documents\New project\.npm-cache\_logs\2026-05-10T07_10_53_827Z-debug-0.log
11 silly logfile done cleaning log files
12 silly packumentCache heap:4395630592 maxSize:1098907648 maxEntrySize:549453824
13 http fetch GET 200 https://registry.npmjs.org/create-next-app 387ms (cache revalidated)
14 silly packumentCache heap:4395630592 maxSize:1098907648 maxEntrySize:549453824
15 warn exec The following package was not found and will be installed: create-next-app@15.3.3
16 silly idealTree buildDeps
17 silly fetch manifest create-next-app@15.3.3
18 silly packumentCache full:https://registry.npmjs.org/create-next-app cache-miss
19 http cache https://registry.npmjs.org/create-next-app 18ms (cache hit)
20 silly packumentCache full:https://registry.npmjs.org/create-next-app set size:9760831 disposed:false
21 silly placeDep ROOT create-next-app@15.3.3 OK for:  want: 15.3.3
22 silly reify moves {}
23 silly audit bulk request { 'create-next-app': [ '15.3.3' ] }
24 http cache create-next-app@https://registry.npmjs.org/create-next-app/-/create-next-app-15.3.3.tgz 0ms (cache hit)
25 silly tarball no local data for create-next-app@https://registry.npmjs.org/create-next-app/-/create-next-app-15.3.3.tgz. Extracting by manifest.
26 http fetch POST 200 https://registry.npmjs.org/-/npm/v1/security/advisories/bulk 321ms
27 silly audit report {}
28 http fetch GET 200 https://registry.npmjs.org/create-next-app/-/create-next-app-15.3.3.tgz 1097ms (cache miss)
29 verbose stack Error: command failed
29 verbose stack     at promiseSpawn (C:\Program Files\nodejs\node_modules\npm\node_modules\@npmcli\promise-spawn\lib\index.js:22:22)
29 verbose stack     at spawnWithShell (C:\Program Files\nodejs\node_modules\npm\node_modules\@npmcli\promise-spawn\lib\index.js:124:10)
29 verbose stack     at promiseSpawn (C:\Program Files\nodejs\node_modules\npm\node_modules\@npmcli\promise-spawn\lib\index.js:12:12)
29 verbose stack     at runScriptPkg (C:\Program Files\nodejs\node_modules\npm\node_modules\@npmcli\run-script\lib\run-script-pkg.js:79:13)
29 verbose stack     at runScript (C:\Program Files\nodejs\node_modules\npm\node_modules\@npmcli\run-script\lib\run-script.js:9:12)
29 verbose stack     at run (C:\Program Files\nodejs\node_modules\npm\node_modules\libnpmexec\lib\run-script.js:60:10)
29 verbose stack     at async exec (C:\Program Files\nodejs\node_modules\npm\node_modules\libnpmexec\lib\index.js:312:10)
29 verbose stack     at async Init.execCreate (C:\Program Files\nodejs\node_modules\npm\lib\commands\init.js:141:5)
29 verbose stack     at async Init.exec (C:\Program Files\nodejs\node_modules\npm\lib\commands\init.js:46:14)
29 verbose stack     at async Npm.exec (C:\Program Files\nodejs\node_modules\npm\lib\npm.js:193:9)
30 error code 1
31 error path C:\Users\pavan\Documents\New project
32 error command failed
33 error command C:\Windows\system32\cmd.exe /d /s /c create-next-app . --ts --tailwind --eslint --app --src-dir --import-alias @/* --use-npm --yes
34 verbose cwd C:\Users\pavan\Documents\New project
35 verbose os Windows_NT 10.0.26200
36 verbose node v26.1.0
37 verbose npm  v11.13.0
38 verbose exit 1
39 verbose code 1
40 error A complete log of this run can be found in: C:\Users\pavan\Documents\New project\.npm-cache\_logs\2026-05-10T07_10_53_827Z-debug-0.log
