0 verbose cli C:\Program Files\nodejs\node.exe C:\Program Files\nodejs\node_modules\npm\bin\npm-cli.js
1 info using npm@11.13.0
2 info using node@v26.1.0
3 silly config load:file:C:\Program Files\nodejs\node_modules\npm\npmrc
4 silly config load:file:C:\Users\pavan\Documents\New project\.npmrc
5 silly config load:file:C:\Users\pavan\.npmrc
6 silly config load:file:C:\Users\pavan\Documents\New project\.appdata\npm\etc\npmrc
7 verbose title npm create next-app@15.3.3 traveloop --ts --tailwind --eslint --app --src-dir --import-alias @/* --use-npm --yes
8 verbose argv "create" "next-app@15.3.3" "traveloop" "--" "--ts" "--tailwind" "--eslint" "--app" "--src-dir" "--import-alias" "@/*" "--use-npm" "--yes"
9 verbose logfile logs-max:10 dir:C:\Users\pavan\Documents\New project\.npm-cache\_logs\2026-05-10T07_11_07_426Z-
10 verbose logfile C:\Users\pavan\Documents\New project\.npm-cache\_logs\2026-05-10T07_11_07_426Z-debug-0.log
11 silly logfile done cleaning log files
12 silly packumentCache heap:4395630592 maxSize:1098907648 maxEntrySize:549453824
13 http fetch GET 200 https://registry.npmjs.org/create-next-app 363ms (cache revalidated)
14 silly packumentCache heap:4395630592 maxSize:1098907648 maxEntrySize:549453824
15 verbose cwd C:\Users\pavan\Documents\New project
16 verbose os Windows_NT 10.0.26200
17 verbose node v26.1.0
18 verbose npm  v11.13.0
19 verbose exit 0
20 info ok
